#-----------------------------------------------------------
# Vivado v2016.4 (64-bit)
# SW Build 1756540 on Mon Jan 23 19:11:19 MST 2017
# IP Build 1755317 on Mon Jan 23 20:30:07 MST 2017
# Start of session at: Wed Apr  4 10:23:35 2018
# Process ID: 19965
# Current directory: /home/sushant/Desktop/col216 lab/216_assignments/main_project
# Command line: vivado
# Log file: /home/sushant/Desktop/col216 lab/216_assignments/main_project/vivado.log
# Journal file: /home/sushant/Desktop/col216 lab/216_assignments/main_project/vivado.jou
#-----------------------------------------------------------
start_gui
open_project {/home/sushant/Desktop/col216 lab/216_assignments/main_project/main_project.xpr}
add_files -norecurse {{/home/sushant/Desktop/col216 lab/216_assignments/main_project/main_project.srcs/sources_1/new/controller_fsm.vhd}}
launch_simulation
launch_simulation
launch_simulation
source datapath_tb.tcl
open_bd_design {/home/sushant/Desktop/col216 lab/216_assignments/main_project/main_project.srcs/sources_1/bd/BRAM/BRAM.bd}
close_sim
launch_simulation
source datapath_tb.tcl
run 1 us
add_wave {{/datapath_tb/uut/alu_instantiation}} 
restart
run 1 us
add_wave {{/datapath_tb/uut/register_file_instantiation}} 
restart
run all
restart
run 1 us
close_sim
launch_simulation
source datapath_tb.tcl
add_wave {{/datapath_tb/uut/alu_instantiation}} 
add_wave {{/datapath_tb/uut/register_file_instantiation}} 
restart
run 1 us
add_wave {{/datapath_tb/uut/memory_instantiation}} 
restart
run 1 us
close_sim
launch_simulation
source datapath_tb.tcl
add_wave {{/datapath_tb/uut/register_file_instantiation}} 
add_wave {{/datapath_tb/uut/mem_proc_path}} 
restart
run 1 us
close_sim
launch_simulation
source datapath_tb.tcl
add_wave {{/datapath_tb/uut/register_file_instantiation}} 
restart
run 1 us
