#-----------------------------------------------------------
# Vivado v2016.4 (64-bit)
# SW Build 1756540 on Mon Jan 23 19:11:19 MST 2017
# IP Build 1755317 on Mon Jan 23 20:30:07 MST 2017
# Start of session at: Tue Mar  6 09:54:34 2018
# Process ID: 3727
# Current directory: /home/sushant/Desktop/col216 lab/216_assignments
# Command line: vivado
# Log file: /home/sushant/Desktop/col216 lab/216_assignments/vivado.log
# Journal file: /home/sushant/Desktop/col216 lab/216_assignments/vivado.jou
#-----------------------------------------------------------
start_gui
open_project {/home/sushant/Desktop/col216 lab/216_assignments/main_project/main_project.xpr}
launch_simulation
launch_simulation
# Disabling source management mode.  This is to allow the top design properties to be set without GUI intervention.
set_property source_mgmt_mode None [current_project]
set_property top alu [current_fileset]
# Re-enabling previously disabled source management mode.
set_property source_mgmt_mode All [current_project]
launch_simulation
add_files -fileset sim_1 -norecurse {{/home/sushant/Desktop/col216 lab/216_assignments/main_project/main_project.srcs/sources_1/new/alu.vhd}}
import_files -fileset sim_1 -force -norecurse {{/home/sushant/Desktop/col216 lab/216_assignments/main_project/main_project.srcs/sources_1/new/alu.vhd}}
remove_files  {{/home/sushant/Desktop/col216 lab/216_assignments/main_project/main_project.srcs/sources_1/new/alu.vhd}}
file delete -force {/home/sushant/Desktop/col216 lab/216_assignments/main_project/main_project.srcs/sources_1/new/alu.vhd}
update_compile_order -fileset sources_1
add_files -norecurse {{/home/sushant/Desktop/col216 lab/216_assignments/main_project/main_project.srcs/sim_1/imports/new/alu.vhd}}
add_files -norecurse {{/home/sushant/Desktop/col216 lab/216_assignments/main_project/main_project.srcs/sim_1/imports/new/alu.vhd}}
import_files -force -norecurse {{/home/sushant/Desktop/col216 lab/216_assignments/main_project/main_project.srcs/sim_1/imports/new/alu.vhd}}
remove_files  -fileset sim_1 {{/home/sushant/Desktop/col216 lab/216_assignments/main_project/main_project.srcs/sim_1/imports/new/alu.vhd}}
file delete -force {/home/sushant/Desktop/col216 lab/216_assignments/main_project/main_project.srcs/sim_1/imports/new/alu.vhd}
remove_files  {{/home/sushant/Desktop/col216 lab/216_assignments/main_project/main_project.srcs/sources_1/imports/new/alu.vhd}}
file delete -force {/home/sushant/Desktop/col216 lab/216_assignments/main_project/main_project.srcs/sources_1/imports/new/alu.vhd}
add_files -norecurse {{/home/sushant/Desktop/col216 lab/216_assignments/main_project/main_project.srcs/sources_1/new/alu.vhd}}
# Disabling source management mode.  This is to allow the top design properties to be set without GUI intervention.
set_property source_mgmt_mode None [current_project]
set_property top alu [current_fileset]
# Re-enabling previously disabled source management mode.
set_property source_mgmt_mode All [current_project]
# Disabling source management mode.  This is to allow the top design properties to be set without GUI intervention.
set_property source_mgmt_mode None [current_project]
set_property top alu [get_filesets sim_1]
set_property top_lib xil_defaultlib [get_filesets sim_1]
# Re-enabling previously disabled source management mode.
set_property source_mgmt_mode All [current_project]
launch_simulation
launch_simulation
# Disabling source management mode.  This is to allow the top design properties to be set without GUI intervention.
set_property source_mgmt_mode None [current_project]
set_property top datapath [get_filesets sim_1]
set_property top_lib xil_defaultlib [get_filesets sim_1]
# Re-enabling previously disabled source management mode.
set_property source_mgmt_mode All [current_project]
# Disabling source management mode.  This is to allow the top design properties to be set without GUI intervention.
set_property source_mgmt_mode None [current_project]
set_property top datapath [current_fileset]
# Re-enabling previously disabled source management mode.
set_property source_mgmt_mode All [current_project]
launch_simulation
launch_simulation
launch_simulation
launch_simulation
launch_simulation
launch_simulation
launch_simulation
launch_simulation
launch_simulation
launch_simulation
source datapath.tcl
add_force {/datapath/multiplier_instantiation/op1} -radix dec {5 0ns}
add_force {/datapath/multiplier_instantiation/op2} -radix dec {7 0ns}
run all
restart
add_bp {/home/sushant/Desktop/col216 lab/216_assignments/main_project/main_project.srcs/sources_1/new/multiplier.vhd} 45
remove_bps -file {/home/sushant/Desktop/col216 lab/216_assignments/main_project/main_project.srcs/sources_1/new/multiplier.vhd} -line 45
close_sim
